ðŸŒŸ This was machine generated.  Do not edit. ðŸŒŸ

Frame[0] {}
Name: ingress
Dimensions: 2 Fields by 1 Rows
+-------------------------------+----------------------+
| Name: Time                    | Name: file_size      |
| Labels:                       | Labels: train=350117 |
| Type: []time.Time             | Type: []*int64       |
+-------------------------------+----------------------+
| 2020-11-09 17:27:00 +0000 UTC | 3339                 |
+-------------------------------+----------------------+



Frame[1] 
Name: ingress
Dimensions: 2 Fields by 1 Rows
+-------------------------------+----------------------+
| Name: Time                    | Name: file_size      |
| Labels:                       | Labels: train=350125 |
| Type: []time.Time             | Type: []*int64       |
+-------------------------------+----------------------+
| 2020-11-10 12:29:00 +0000 UTC | 3666                 |
+-------------------------------+----------------------+



Frame[2] 
Name: ingress
Dimensions: 2 Fields by 1 Rows
+-------------------------------+----------------------+
| Name: Time                    | Name: file_size      |
| Labels:                       | Labels: train=350236 |
| Type: []time.Time             | Type: []*int64       |
+-------------------------------+----------------------+
| 2020-11-09 19:01:00 +0000 UTC | 3570                 |
+-------------------------------+----------------------+



Frame[3] 
Name: ingress
Dimensions: 2 Fields by 1 Rows
+-------------------------------+----------------------+
| Name: Time                    | Name: file_size      |
| Labels:                       | Labels: train=350410 |
| Type: []time.Time             | Type: []*int64       |
+-------------------------------+----------------------+
| 2020-11-09 07:13:00 +0000 UTC | 2772                 |
+-------------------------------+----------------------+


====== TEST DATA RESPONSE (arrow base64) ======
FRAME=QVJST1cxAAD/////6AEAABAAAAAAAAoADgAMAAsABAAKAAAAFAAAAAAAAAEDAAoADAAAAAgABAAKAAAACAAAAHgAAAADAAAAUAAAACgAAAAEAAAAqP7//wgAAAAMAAAAAAAAAAAAAAAFAAAAcmVmSWQAAADI/v//CAAAABAAAAAHAAAAaW5ncmVzcwAEAAAAbmFtZQAAAADs/v//CAAAAAwAAAACAAAAe30AAAQAAABtZXRhAAAAAAIAAADQAAAAGAAAAAAAEgAYABQAEwASAAwAAAAIAAQAEgAAABQAAAB0AAAAfAAAAAAAAgGAAAAAAgAAADAAAAAEAAAAUP///wgAAAAUAAAACQAAAGZpbGVfc2l6ZQAAAAQAAABuYW1lAAAAAHj///8IAAAAHAAAABIAAAB7InRyYWluIjoiMzUwMTE3In0AAAYAAABsYWJlbHMAAAAAAAAIAAwACAAHAAgAAAAAAAABQAAAAAkAAABmaWxlX3NpemUAEgAYABQAAAATAAwAAAAIAAQAEgAAABQAAABEAAAATAAAAAAAAApMAAAAAQAAAAwAAAAIAAwACAAEAAgAAAAIAAAAEAAAAAQAAABUaW1lAAAAAAQAAABuYW1lAAAAAAAAAAAAAAYACAAGAAYAAAAAAAMABAAAAFRpbWUAAAAA/////7gAAAAUAAAAAAAAAAwAFgAUABMADAAEAAwAAAAQAAAAAAAAABQAAAAAAAADAwAKABgADAAIAAQACgAAABQAAABYAAAAAQAAAAAAAAAAAAAABAAAAAAAAAAAAAAAAAAAAAAAAAAAAAAAAAAAAAgAAAAAAAAACAAAAAAAAAAAAAAAAAAAAAgAAAAAAAAACAAAAAAAAAAAAAAAAgAAAAEAAAAAAAAAAAAAAAAAAAABAAAAAAAAAAAAAAAAAAAAAOjpzv3mRRYLDQAAAAAAABAAAAAMABQAEgAMAAgABAAMAAAAEAAAACwAAAA8AAAAAAADAAEAAAD4AQAAAAAAAMAAAAAAAAAAEAAAAAAAAAAAAAAAAAAAAAAAAAAAAAoADAAAAAgABAAKAAAACAAAAHgAAAADAAAAUAAAACgAAAAEAAAAqP7//wgAAAAMAAAAAAAAAAAAAAAFAAAAcmVmSWQAAADI/v//CAAAABAAAAAHAAAAaW5ncmVzcwAEAAAAbmFtZQAAAADs/v//CAAAAAwAAAACAAAAe30AAAQAAABtZXRhAAAAAAIAAADQAAAAGAAAAAAAEgAYABQAEwASAAwAAAAIAAQAEgAAABQAAAB0AAAAfAAAAAAAAgGAAAAAAgAAADAAAAAEAAAAUP///wgAAAAUAAAACQAAAGZpbGVfc2l6ZQAAAAQAAABuYW1lAAAAAHj///8IAAAAHAAAABIAAAB7InRyYWluIjoiMzUwMTE3In0AAAYAAABsYWJlbHMAAAAAAAAIAAwACAAHAAgAAAAAAAABQAAAAAkAAABmaWxlX3NpemUAEgAYABQAAAATAAwAAAAIAAQAEgAAABQAAABEAAAATAAAAAAAAApMAAAAAQAAAAwAAAAIAAwACAAEAAgAAAAIAAAAEAAAAAQAAABUaW1lAAAAAAQAAABuYW1lAAAAAAAAAAAAAAYACAAGAAYAAAAAAAMABAAAAFRpbWUAAAAAGAIAAEFSUk9XMQ==
FRAME=QVJST1cxAAD/////yAEAABAAAAAAAAoADgAMAAsABAAKAAAAFAAAAAAAAAEDAAoADAAAAAgABAAKAAAACAAAAFQAAAACAAAAKAAAAAQAAADI/v//CAAAAAwAAAAAAAAAAAAAAAUAAAByZWZJZAAAAOj+//8IAAAAEAAAAAcAAABpbmdyZXNzAAQAAABuYW1lAAAAAAIAAADQAAAAGAAAAAAAEgAYABQAEwASAAwAAAAIAAQAEgAAABQAAAB0AAAAfAAAAAAAAgGAAAAAAgAAADAAAAAEAAAAUP///wgAAAAUAAAACQAAAGZpbGVfc2l6ZQAAAAQAAABuYW1lAAAAAHj///8IAAAAHAAAABIAAAB7InRyYWluIjoiMzUwMTI1In0AAAYAAABsYWJlbHMAAAAAAAAIAAwACAAHAAgAAAAAAAABQAAAAAkAAABmaWxlX3NpemUAEgAYABQAAAATAAwAAAAIAAQAEgAAABQAAABEAAAATAAAAAAAAApMAAAAAQAAAAwAAAAIAAwACAAEAAgAAAAIAAAAEAAAAAQAAABUaW1lAAAAAAQAAABuYW1lAAAAAAAAAAAAAAYACAAGAAYAAAAAAAMABAAAAFRpbWUAAAAAAAAAAP////+4AAAAFAAAAAAAAAAMABYAFAATAAwABAAMAAAAEAAAAAAAAAAUAAAAAAAAAwMACgAYAAwACAAEAAoAAAAUAAAAWAAAAAEAAAAAAAAAAAAAAAQAAAAAAAAAAAAAAAAAAAAAAAAAAAAAAAAAAAAIAAAAAAAAAAgAAAAAAAAAAAAAAAAAAAAIAAAAAAAAAAgAAAAAAAAAAAAAAAIAAAABAAAAAAAAAAAAAAAAAAAAAQAAAAAAAAAAAAAAAAAAAAB4LF1PJUYWUg4AAAAAAAAQAAAADAAUABIADAAIAAQADAAAABAAAAAsAAAAOAAAAAAAAwABAAAA2AEAAAAAAADAAAAAAAAAABAAAAAAAAAAAAAAAAAAAAAAAAoADAAAAAgABAAKAAAACAAAAFQAAAACAAAAKAAAAAQAAADI/v//CAAAAAwAAAAAAAAAAAAAAAUAAAByZWZJZAAAAOj+//8IAAAAEAAAAAcAAABpbmdyZXNzAAQAAABuYW1lAAAAAAIAAADQAAAAGAAAAAAAEgAYABQAEwASAAwAAAAIAAQAEgAAABQAAAB0AAAAfAAAAAAAAgGAAAAAAgAAADAAAAAEAAAAUP///wgAAAAUAAAACQAAAGZpbGVfc2l6ZQAAAAQAAABuYW1lAAAAAHj///8IAAAAHAAAABIAAAB7InRyYWluIjoiMzUwMTI1In0AAAYAAABsYWJlbHMAAAAAAAAIAAwACAAHAAgAAAAAAAABQAAAAAkAAABmaWxlX3NpemUAEgAYABQAAAATAAwAAAAIAAQAEgAAABQAAABEAAAATAAAAAAAAApMAAAAAQAAAAwAAAAIAAwACAAEAAgAAAAIAAAAEAAAAAQAAABUaW1lAAAAAAQAAABuYW1lAAAAAAAAAAAAAAYACAAGAAYAAAAAAAMABAAAAFRpbWUAAAAA8AEAAEFSUk9XMQ==
FRAME=QVJST1cxAAD/////yAEAABAAAAAAAAoADgAMAAsABAAKAAAAFAAAAAAAAAEDAAoADAAAAAgABAAKAAAACAAAAFQAAAACAAAAKAAAAAQAAADI/v//CAAAAAwAAAAAAAAAAAAAAAUAAAByZWZJZAAAAOj+//8IAAAAEAAAAAcAAABpbmdyZXNzAAQAAABuYW1lAAAAAAIAAADQAAAAGAAAAAAAEgAYABQAEwASAAwAAAAIAAQAEgAAABQAAAB0AAAAfAAAAAAAAgGAAAAAAgAAADAAAAAEAAAAUP///wgAAAAUAAAACQAAAGZpbGVfc2l6ZQAAAAQAAABuYW1lAAAAAHj///8IAAAAHAAAABIAAAB7InRyYWluIjoiMzUwMjM2In0AAAYAAABsYWJlbHMAAAAAAAAIAAwACAAHAAgAAAAAAAABQAAAAAkAAABmaWxlX3NpemUAEgAYABQAAAATAAwAAAAIAAQAEgAAABQAAABEAAAATAAAAAAAAApMAAAAAQAAAAwAAAAIAAwACAAEAAgAAAAIAAAAEAAAAAQAAABUaW1lAAAAAAQAAABuYW1lAAAAAAAAAAAAAAYACAAGAAYAAAAAAAMABAAAAFRpbWUAAAAAAAAAAP////+4AAAAFAAAAAAAAAAMABYAFAATAAwABAAMAAAAEAAAAAAAAAAUAAAAAAAAAwMACgAYAAwACAAEAAoAAAAUAAAAWAAAAAEAAAAAAAAAAAAAAAQAAAAAAAAAAAAAAAAAAAAAAAAAAAAAAAAAAAAIAAAAAAAAAAgAAAAAAAAAAAAAAAAAAAAIAAAAAAAAAAgAAAAAAAAAAAAAAAIAAAABAAAAAAAAAAAAAAAAAAAAAQAAAAAAAAAAAAAAAAAAAAA4HPke7EUW8g0AAAAAAAAQAAAADAAUABIADAAIAAQADAAAABAAAAAsAAAAOAAAAAAAAwABAAAA2AEAAAAAAADAAAAAAAAAABAAAAAAAAAAAAAAAAAAAAAAAAoADAAAAAgABAAKAAAACAAAAFQAAAACAAAAKAAAAAQAAADI/v//CAAAAAwAAAAAAAAAAAAAAAUAAAByZWZJZAAAAOj+//8IAAAAEAAAAAcAAABpbmdyZXNzAAQAAABuYW1lAAAAAAIAAADQAAAAGAAAAAAAEgAYABQAEwASAAwAAAAIAAQAEgAAABQAAAB0AAAAfAAAAAAAAgGAAAAAAgAAADAAAAAEAAAAUP///wgAAAAUAAAACQAAAGZpbGVfc2l6ZQAAAAQAAABuYW1lAAAAAHj///8IAAAAHAAAABIAAAB7InRyYWluIjoiMzUwMjM2In0AAAYAAABsYWJlbHMAAAAAAAAIAAwACAAHAAgAAAAAAAABQAAAAAkAAABmaWxlX3NpemUAEgAYABQAAAATAAwAAAAIAAQAEgAAABQAAABEAAAATAAAAAAAAApMAAAAAQAAAAwAAAAIAAwACAAEAAgAAAAIAAAAEAAAAAQAAABUaW1lAAAAAAQAAABuYW1lAAAAAAAAAAAAAAYACAAGAAYAAAAAAAMABAAAAFRpbWUAAAAA8AEAAEFSUk9XMQ==
FRAME=QVJST1cxAAD/////yAEAABAAAAAAAAoADgAMAAsABAAKAAAAFAAAAAAAAAEDAAoADAAAAAgABAAKAAAACAAAAFQAAAACAAAAKAAAAAQAAADI/v//CAAAAAwAAAAAAAAAAAAAAAUAAAByZWZJZAAAAOj+//8IAAAAEAAAAAcAAABpbmdyZXNzAAQAAABuYW1lAAAAAAIAAADQAAAAGAAAAAAAEgAYABQAEwASAAwAAAAIAAQAEgAAABQAAAB0AAAAfAAAAAAAAgGAAAAAAgAAADAAAAAEAAAAUP///wgAAAAUAAAACQAAAGZpbGVfc2l6ZQAAAAQAAABuYW1lAAAAAHj///8IAAAAHAAAABIAAAB7InRyYWluIjoiMzUwNDEwIn0AAAYAAABsYWJlbHMAAAAAAAAIAAwACAAHAAgAAAAAAAABQAAAAAkAAABmaWxlX3NpemUAEgAYABQAAAATAAwAAAAIAAQAEgAAABQAAABEAAAATAAAAAAAAApMAAAAAQAAAAwAAAAIAAwACAAEAAgAAAAIAAAAEAAAAAQAAABUaW1lAAAAAAQAAABuYW1lAAAAAAAAAAAAAAYACAAGAAYAAAAAAAMABAAAAFRpbWUAAAAAAAAAAP////+4AAAAFAAAAAAAAAAMABYAFAATAAwABAAMAAAAEAAAAAAAAAAUAAAAAAAAAwMACgAYAAwACAAEAAoAAAAUAAAAWAAAAAEAAAAAAAAAAAAAAAQAAAAAAAAAAAAAAAAAAAAAAAAAAAAAAAAAAAAIAAAAAAAAAAgAAAAAAAAAAAAAAAAAAAAIAAAAAAAAAAgAAAAAAAAAAAAAAAIAAAABAAAAAAAAAAAAAAAAAAAAAQAAAAAAAAAAAAAAAAAAAADYzFN8xUUW1AoAAAAAAAAQAAAADAAUABIADAAIAAQADAAAABAAAAAsAAAAOAAAAAAAAwABAAAA2AEAAAAAAADAAAAAAAAAABAAAAAAAAAAAAAAAAAAAAAAAAoADAAAAAgABAAKAAAACAAAAFQAAAACAAAAKAAAAAQAAADI/v//CAAAAAwAAAAAAAAAAAAAAAUAAAByZWZJZAAAAOj+//8IAAAAEAAAAAcAAABpbmdyZXNzAAQAAABuYW1lAAAAAAIAAADQAAAAGAAAAAAAEgAYABQAEwASAAwAAAAIAAQAEgAAABQAAAB0AAAAfAAAAAAAAgGAAAAAAgAAADAAAAAEAAAAUP///wgAAAAUAAAACQAAAGZpbGVfc2l6ZQAAAAQAAABuYW1lAAAAAHj///8IAAAAHAAAABIAAAB7InRyYWluIjoiMzUwNDEwIn0AAAYAAABsYWJlbHMAAAAAAAAIAAwACAAHAAgAAAAAAAABQAAAAAkAAABmaWxlX3NpemUAEgAYABQAAAATAAwAAAAIAAQAEgAAABQAAABEAAAATAAAAAAAAApMAAAAAQAAAAwAAAAIAAwACAAEAAgAAAAIAAAAEAAAAAQAAABUaW1lAAAAAAQAAABuYW1lAAAAAAAAAAAAAAYACAAGAAYAAAAAAAMABAAAAFRpbWUAAAAA8AEAAEFSUk9XMQ==
